2026-05-22T12:21:45.502+05:30  INFO 4476 --- [demo] [restartedMain] com.example.demo.DemoApplication         : Starting DemoApplication using Java 17.0.12 with PID 4476 (C:\Users\Lenovo\IdeaProjects\demo\target\classes started by Lenovo in C:\Users\Lenovo\IdeaProjects\demo)
2026-05-22T12:21:45.502+05:30  INFO 4476 --- [demo] [restartedMain] com.example.demo.DemoApplication         : The following 1 profile is active: "dev"
2026-05-22T12:21:45.691+05:30  INFO 4476 --- [demo] [restartedMain] .e.DevToolsPropertyDefaultsPostProcessor : Devtools property defaults active! Set 'spring.devtools.add-properties' to 'false' to disable
2026-05-22T12:21:45.693+05:30  INFO 4476 --- [demo] [restartedMain] .e.DevToolsPropertyDefaultsPostProcessor : For additional web related logging consider setting the 'logging.level.web' property to 'DEBUG'
2026-05-22T12:21:47.810+05:30  INFO 4476 --- [demo] [restartedMain] o.s.boot.tomcat.TomcatWebServer          : Tomcat initialized with port 8090 (http)
2026-05-22T12:21:47.826+05:30  INFO 4476 --- [demo] [restartedMain] o.apache.catalina.core.StandardService   : Starting service [Tomcat]
2026-05-22T12:21:47.826+05:30  INFO 4476 --- [demo] [restartedMain] o.apache.catalina.core.StandardEngine    : Starting Servlet engine: [Apache Tomcat/11.0.18]
2026-05-22T12:21:47.888+05:30  INFO 4476 --- [demo] [restartedMain] b.w.c.s.WebApplicationContextInitializer : Root WebApplicationContext: initialization completed in 2191 ms
2026-05-22T12:21:48.675+05:30  WARN 4476 --- [demo] [restartedMain] .s.a.UserDetailsServiceAutoConfiguration : 

Using generated security password: 6a0fc510-44c9-4c97-a2c0-f3174cc78ef1

This generated password is for development use only. Your security configuration must be updated before running your application in production.

2026-05-22T12:21:48.724+05:30  INFO 4476 --- [demo] [restartedMain] r$InitializeUserDetailsManagerConfigurer : Global AuthenticationManager configured with UserDetailsService bean with name inMemoryUserDetailsManager
2026-05-22T12:21:48.971+05:30  INFO 4476 --- [demo] [restartedMain] o.s.b.a.e.web.EndpointLinksResolver      : Exposing 5 endpoints beneath base path '/actuator'
2026-05-22T12:21:49.153+05:30  INFO 4476 --- [demo] [restartedMain] o.s.boot.tomcat.TomcatWebServer          : Tomcat started on port 8090 (http) with context path '/'
2026-05-22T12:21:49.165+05:30  INFO 4476 --- [demo] [restartedMain] com.example.demo.DemoApplication         : Started DemoApplication in 4.596 seconds (process running for 5.753)
2026-05-22T12:22:13.625+05:30  INFO 4476 --- [demo] [http-nio-8090-exec-1] o.a.c.c.C.[Tomcat].[localhost].[/]       : Initializing Spring DispatcherServlet 'dispatcherServlet'
2026-05-22T12:22:13.625+05:30  INFO 4476 --- [demo] [http-nio-8090-exec-1] o.s.web.servlet.DispatcherServlet        : Initializing Servlet 'dispatcherServlet'
2026-05-22T12:22:13.625+05:30  INFO 4476 --- [demo] [http-nio-8090-exec-1] o.s.web.servlet.DispatcherServlet        : Completed initialization in 0 ms
2026-05-22T12:22:13.658+05:30  WARN 4476 --- [demo] [http-nio-8090-exec-1] o.s.w.s.h.HandlerMappingIntrospector     : Cache miss for REQUEST dispatch to '/greet' (previous null). Performing CorsConfiguration lookup. This is logged once only at WARN level, and every time at TRACE.
2026-05-22T12:22:13.743+05:30  INFO 4476 --- [demo] [http-nio-8090-exec-1] com.example.demo.DemoApplication         : logging msg
2026-05-22T12:22:13.743+05:30  WARN 4476 --- [demo] [http-nio-8090-exec-1] com.example.demo.DemoApplication         : warning msg...
2026-05-22T12:22:50.425+05:30  INFO 4476 --- [demo] [http-nio-8090-exec-1] com.example.demo.DemoApplication         : logging msg
2026-05-22T12:22:50.425+05:30  WARN 4476 --- [demo] [http-nio-8090-exec-1] com.example.demo.DemoApplication         : warning msg...
2026-05-22T12:26:26.634+05:30  INFO 4476 --- [demo] [SpringApplicationShutdownHook] o.s.boot.tomcat.GracefulShutdown         : Commencing graceful shutdown. Waiting for active requests to complete
2026-05-22T12:26:26.743+05:30  INFO 4476 --- [demo] [tomcat-shutdown] o.s.boot.tomcat.GracefulShutdown         : Graceful shutdown complete
2026-05-22T12:29:44.769+05:30  INFO 10276 --- [demo] [restartedMain] com.example.demo.DemoApplication         : Starting DemoApplication using Java 17.0.12 with PID 10276 (C:\Users\Lenovo\IdeaProjects\demo\target\classes started by Lenovo in C:\Users\Lenovo\IdeaProjects\demo)
2026-05-22T12:29:44.777+05:30  INFO 10276 --- [demo] [restartedMain] com.example.demo.DemoApplication         : The following 1 profile is active: "dev"
2026-05-22T12:29:44.896+05:30  INFO 10276 --- [demo] [restartedMain] .e.DevToolsPropertyDefaultsPostProcessor : Devtools property defaults active! Set 'spring.devtools.add-properties' to 'false' to disable
2026-05-22T12:29:44.896+05:30  INFO 10276 --- [demo] [restartedMain] .e.DevToolsPropertyDefaultsPostProcessor : For additional web related logging consider setting the 'logging.level.web' property to 'DEBUG'
2026-05-22T12:29:47.024+05:30  INFO 10276 --- [demo] [restartedMain] o.s.boot.tomcat.TomcatWebServer          : Tomcat initialized with port 8090 (http)
2026-05-22T12:29:47.040+05:30  INFO 10276 --- [demo] [restartedMain] o.apache.catalina.core.StandardService   : Starting service [Tomcat]
2026-05-22T12:29:47.055+05:30  INFO 10276 --- [demo] [restartedMain] o.apache.catalina.core.StandardEngine    : Starting Servlet engine: [Apache Tomcat/11.0.18]
2026-05-22T12:29:47.118+05:30  INFO 10276 --- [demo] [restartedMain] b.w.c.s.WebApplicationContextInitializer : Root WebApplicationContext: initialization completed in 2222 ms
2026-05-22T12:29:47.900+05:30  INFO 10276 --- [demo] [restartedMain] r$InitializeUserDetailsManagerConfigurer : Global AuthenticationManager configured with UserDetailsService bean with name inMemoryUserDetailsManager
2026-05-22T12:29:48.088+05:30  INFO 10276 --- [demo] [restartedMain] o.s.b.a.e.web.EndpointLinksResolver      : Exposing 5 endpoints beneath base path '/actuator'
2026-05-22T12:29:48.275+05:30  INFO 10276 --- [demo] [restartedMain] o.s.boot.tomcat.TomcatWebServer          : Tomcat started on port 8090 (http) with context path '/'
2026-05-22T12:29:48.291+05:30  INFO 10276 --- [demo] [restartedMain] com.example.demo.DemoApplication         : Started DemoApplication in 4.418 seconds (process running for 5.468)
2026-05-22T12:30:04.120+05:30  INFO 10276 --- [demo] [http-nio-8090-exec-1] o.a.c.c.C.[Tomcat].[localhost].[/]       : Initializing Spring DispatcherServlet 'dispatcherServlet'
2026-05-22T12:30:04.120+05:30  INFO 10276 --- [demo] [http-nio-8090-exec-1] o.s.web.servlet.DispatcherServlet        : Initializing Servlet 'dispatcherServlet'
2026-05-22T12:30:04.120+05:30  INFO 10276 --- [demo] [http-nio-8090-exec-1] o.s.web.servlet.DispatcherServlet        : Completed initialization in 0 ms
2026-05-22T12:30:04.182+05:30  WARN 10276 --- [demo] [http-nio-8090-exec-1] o.s.w.s.h.HandlerMappingIntrospector     : Cache miss for REQUEST dispatch to '/greet' (previous null). Performing CorsConfiguration lookup. This is logged once only at WARN level, and every time at TRACE.
2026-05-22T12:30:26.154+05:30  INFO 10276 --- [demo] [http-nio-8090-exec-7] com.example.demo.DemoApplication         : logging msg
2026-05-22T12:30:26.154+05:30  WARN 10276 --- [demo] [http-nio-8090-exec-7] com.example.demo.DemoApplication         : warning msg...
2026-05-22T12:31:26.958+05:30  INFO 10276 --- [demo] [SpringApplicationShutdownHook] o.s.boot.tomcat.GracefulShutdown         : Commencing graceful shutdown. Waiting for active requests to complete
2026-05-22T12:31:27.069+05:30  INFO 10276 --- [demo] [tomcat-shutdown] o.s.boot.tomcat.GracefulShutdown         : Graceful shutdown complete
